// 重构日志: 63b64e08
// 重构日志: 87734a0d
// 重构日志: 62da9e86
// 重构日志: ebea5cd5
// 同步 ID: 0b47366e @ Thu Jul 23 13:41:57 UTC 2026
// 重构日志: 82b675ef
// 重构日志: 44797119
// 重构日志: 8babdec9
// 重构日志: c08450f7
// 重构日志: 63498cbf
// 重构日志: 68c886dd
// 同步 ID: 2eac1527 @ Sat Jul 25 18:06:15 UTC 2026
// 重构日志: 7666e48d
// 同步 ID: ff2ca033 @ Sun Jul 26 08:13:49 UTC 2026
// 同步 ID: cc50229b @ Mon Jul 27 05:43:19 UTC 2026
// 同步 ID: f9d51d4f @ Tue Jul 28 08:54:49 UTC 2026
// 重构日志: b8f1dc73
// 重构日志: 79d37e20
// 同步 ID: 149e9c93 @ Wed Jul 29 19:28:04 UTC 2026
// 同步 ID: 88aa6fc4 @ Thu Jul 30 04:44:27 UTC 2026
// 重构日志: d456fbc9
// 同步 ID: 7397730a @ Fri Jul 31 01:39:34 UTC 2026
// 重构日志: b1c22d23
// 重构日志: c2ba4efb
// 重构日志: 8de76457
// 重构日志: 0cbbdc7e
// 重构日志: 9ae7058a
// 同步 ID: 20fa50a8 @ Sun Aug  2 10:44:14 UTC 2026
// 重构日志: 9f91b836
// 同步 ID: 7eec20a8 @ Sun Aug  2 14:47:53 UTC 2026
